Position_Ids error:
{'loss': 1.5019, 'grad_norm': 0.10998395830392838, 'learning_rate': 1e-05, 'epoch': 0.0013119055428009183}
{'loss': 1.4046, 'grad_norm': 0.23347632586956024, 'learning_rate': 2e-05, 'epoch': 0.0026238110856018366}
{'loss': 1.5588, 'grad_norm': 0.19942286610603333, 'learning_rate': 1.9999950454033063e-05, 'epoch': 0.003935716628402755}
{'loss': 1.4058, 'grad_norm': 0.1315990686416626, 'learning_rate': 1.9999801816623205e-05, 'epoch': 0.005247622171203673}
{'loss': 1.4601, 'grad_norm': 1.1448098421096802, 'learning_rate': 1.9999554089243305e-05, 'epoch': 0.0065595277140045915}
{'loss': 1.2798, 'grad_norm': 0.24086932837963104, 'learning_rate': 1.9999207274348143e-05, 'epoch': 0.00787143325680551}
{'loss': 1.3535, 'grad_norm': 0.23089176416397095, 'learning_rate': 1.9998761375374376e-05, 'epoch': 0.009183338799606429}
{'loss': 1.3684, 'grad_norm': 0.2245667427778244, 'learning_rate': 1.9998216396740497e-05, 'epoch': 0.010495244342407346}
{'loss': 1.2685, 'grad_norm': 0.2623371481895447, 'learning_rate': 1.9997572343846814e-05, 'epoch': 0.011807149885208265}
{'loss': 1.4926, 'grad_norm': 0.790776252746582, 'learning_rate': 1.9996829223075363e-05, 'epoch': 0.013119055428009183}
[rank1]: Traceback (most recent call last):
[rank1]:   File "/home/nich/CodeInjection/models/starcoder2/finetune.py", line 177, in <module>
[rank1]:     main(args)
[rank1]:   File "/home/nich/CodeInjection/models/starcoder2/finetune.py", line 161, in main
[rank1]:     trainer.train()
[rank1]:   File "/home/nich/enter/envs/starcoder2/lib/python3.9/site-packages/trl/trainer/sft_trainer.py", line 440, in train
[rank1]:     output = super().train(*args, **kwargs)
[rank1]:   File "/home/nich/enter/envs/starcoder2/lib/python3.9/site-packages/transformers/trainer.py", line 1885, in train
[rank1]:     return inner_training_loop(
[rank1]:   File "/home/nich/enter/envs/starcoder2/lib/python3.9/site-packages/transformers/trainer.py", line 2216, in _inner_training_loop
[rank1]:     tr_loss_step = self.training_step(model, inputs)
[rank1]:   File "/home/nich/enter/envs/starcoder2/lib/python3.9/site-packages/transformers/trainer.py", line 3238, in training_step
[rank1]:     loss = self.compute_loss(model, inputs)
[rank1]:   File "/home/nich/enter/envs/starcoder2/lib/python3.9/site-packages/transformers/trainer.py", line 3264, in compute_loss
[rank1]:     outputs = model(**inputs)
[rank1]:   File "/home/nich/enter/envs/starcoder2/lib/python3.9/site-packages/torch/nn/modules/module.py", line 1532, in _wrapped_call_impl
[rank1]:     return self._call_impl(*args, **kwargs)
[rank1]:   File "/home/nich/enter/envs/starcoder2/lib/python3.9/site-packages/torch/nn/modules/module.py", line 1541, in _call_impl
[rank1]:     return forward_call(*args, **kwargs)
[rank1]:   File "/home/nich/enter/envs/starcoder2/lib/python3.9/site-packages/torch/nn/parallel/distributed.py", line 1593, in forward
[rank1]:     else self._run_ddp_forward(*inputs, **kwargs)
[rank1]:   File "/home/nich/enter/envs/starcoder2/lib/python3.9/site-packages/torch/nn/parallel/distributed.py", line 1411, in _run_ddp_forward
[rank1]:     return self.module(*inputs, **kwargs)  # type: ignore[index]
[rank1]:   File "/home/nich/enter/envs/starcoder2/lib/python3.9/site-packages/torch/nn/modules/module.py", line 1532, in _wrapped_call_impl
[rank1]:     return self._call_impl(*args, **kwargs)
[rank1]:   File "/home/nich/enter/envs/starcoder2/lib/python3.9/site-packages/torch/nn/modules/module.py", line 1541, in _call_impl
[rank1]:     return forward_call(*args, **kwargs)
[rank1]:   File "/home/nich/enter/envs/starcoder2/lib/python3.9/site-packages/accelerate/utils/operations.py", line 822, in forward
[rank1]:     return model_forward(*args, **kwargs)
[rank1]:   File "/home/nich/enter/envs/starcoder2/lib/python3.9/site-packages/accelerate/utils/operations.py", line 810, in __call__
[rank1]:     return convert_to_fp32(self.model_forward(*args, **kwargs))
[rank1]:   File "/home/nich/enter/envs/starcoder2/lib/python3.9/site-packages/torch/amp/autocast_mode.py", line 16, in decorate_autocast
[rank1]:     return func(*args, **kwargs)
[rank1]:   File "/home/nich/enter/envs/starcoder2/lib/python3.9/site-packages/peft/peft_model.py", line 1430, in forward
[rank1]:     return self.base_model(
[rank1]:   File "/home/nich/enter/envs/starcoder2/lib/python3.9/site-packages/torch/nn/modules/module.py", line 1532, in _wrapped_call_impl
[rank1]:     return self._call_impl(*args, **kwargs)
[rank1]:   File "/home/nich/enter/envs/starcoder2/lib/python3.9/site-packages/torch/nn/modules/module.py", line 1541, in _call_impl
[rank1]:     return forward_call(*args, **kwargs)
[rank1]:   File "/home/nich/enter/envs/starcoder2/lib/python3.9/site-packages/peft/tuners/tuners_utils.py", line 179, in forward
[rank1]:     return self.model.forward(*args, **kwargs)
[rank1]:   File "/home/nich/enter/envs/starcoder2/lib/python3.9/site-packages/accelerate/hooks.py", line 166, in new_forward
[rank1]:     output = module._old_forward(*args, **kwargs)
[rank1]:   File "/home/nich/enter/envs/starcoder2/lib/python3.9/site-packages/transformers/models/starcoder2/modeling_starcoder2.py", line 1130, in forward
[rank1]:     outputs = self.model(
[rank1]:   File "/home/nich/enter/envs/starcoder2/lib/python3.9/site-packages/torch/nn/modules/module.py", line 1532, in _wrapped_call_impl
[rank1]:     return self._call_impl(*args, **kwargs)
[rank1]:   File "/home/nich/enter/envs/starcoder2/lib/python3.9/site-packages/torch/nn/modules/module.py", line 1541, in _call_impl
[rank1]:     return forward_call(*args, **kwargs)
[rank1]:   File "/home/nich/enter/envs/starcoder2/lib/python3.9/site-packages/accelerate/hooks.py", line 166, in new_forward
[rank1]:     output = module._old_forward(*args, **kwargs)
[rank1]:   File "/home/nich/enter/envs/starcoder2/lib/python3.9/site-packages/transformers/models/starcoder2/modeling_starcoder2.py", line 952, in forward
[rank1]:     position_ids = position_ids.unsqueeze(0).view(-1, seq_length)
[rank1]: RuntimeError: cannot reshape tensor of 0 elements into shape [-1, 0] because the unspecified dimension size -1 can be any value and is ambiguous
W0609 15:46:29.746829 139328772155200 torch/distributed/elastic/multiprocessing/api.py:851] Sending process 1522422 closing signal SIGTERM
E0609 15:46:29.912377 139328772155200 torch/distributed/elastic/multiprocessing/api.py:826] failed (exitcode: 1) local_rank: 1 (pid: 1522423) of binary: /home/nich/enter/envs/starcoder2/bin/python3.9
Traceback (most recent call last):
  File "/home/nich/enter/envs/starcoder2/bin/accelerate", line 10, in <module>
    sys.exit(main())
  File "/home/nich/enter/envs/starcoder2/lib/python3.9/site-packages/accelerate/commands/accelerate_cli.py", line 46, in main
    args.func(args)
  File "/home/nich/enter/envs/starcoder2/lib/python3.9/site-packages/accelerate/commands/launch.py", line 1073, in launch_command
    multi_gpu_launcher(args)
  File "/home/nich/enter/envs/starcoder2/lib/python3.9/site-packages/accelerate/commands/launch.py", line 718, in multi_gpu_launcher
    distrib_run.run(args)
  File "/home/nich/enter/envs/starcoder2/lib/python3.9/site-packages/torch/distributed/run.py", line 870, in run
    elastic_launch(
  File "/home/nich/enter/envs/starcoder2/lib/python3.9/site-packages/torch/distributed/launcher/api.py", line 132, in __call__
    return launch_agent(self._config, self._entrypoint, list(args))
  File "/home/nich/enter/envs/starcoder2/lib/python3.9/site-packages/torch/distributed/launcher/api.py", line 263, in launch_agent
    raise ChildFailedError(
torch.distributed.elastic.multiprocessing.errors.ChildFailedError: 
============================================================
finetune.py FAILED
------------------------------------------------------------
Failures:
  <NO_OTHER_FAILURES>
------------------------------------------------------------
Root Cause (first observed failure):
[0]:
  time      : 2024-06-09_15:46:29
  host      : ip6-localhost
  rank      : 1 (local_rank: 1)
  exitcode  : 1 (pid: 1522423)
  error_file: <N/A>
  traceback : To enable traceback see: https://pytorch.org/docs/stable/elastic/errors.html
============================================================